{
    "-profile test": {
        "content": [
            3,
            {
                "PLINK2_PCA": {
                    "plinkpca": "PLINK v2.00a5.10LM 64-bit Intel (5 Jan 2024)"
                },
                "PLINK2_VCF": {
                    "plink2": "2.00a5.10LM"
                },
                "Workflow": {
                    "nf-core/geoadapt": "v1.0.0dev"
                }
            },
            [
                "multiqc",
                "multiqc/multiqc_data",
                "multiqc/multiqc_data/multiqc.log",
                "multiqc/multiqc_data/multiqc_citations.txt",
                "multiqc/multiqc_data/multiqc_data.json",
                "multiqc/multiqc_data/multiqc_software_versions.txt",
                "multiqc/multiqc_data/multiqc_sources.txt",
                "multiqc/multiqc_report.html",
                "pipeline_info",
                "pipeline_info/nf_core_geoadapt_software_mqc_versions.yml",
                "plink2",
                "plink2/joint.eigenval",
                "plink2/joint.eigenvec",
                "plink2/joint.log",
                "plink2/joint.pgen",
                "plink2/joint.psam",
                "plink2/joint.pvar"
            ],
            [
                "multiqc_citations.txt:md5,4c806e63a283ec1b7e78cdae3a923d4f",
                "joint.eigenval:md5,4c0816b478aecfa27f141bbe6052b2c1",
                "joint.eigenvec:md5,a6f0db5cc78bdb045dc7ff68b349bb91",
                "joint.log:md5,0e8bc76441b9247edbacb7cad8ed9a16",
                "joint.pgen:md5,cfbda59f0d65b24b657f909d1e74c1c1",
                "joint.psam:md5,c5e6f04d1d55fd88234ed67dbc620c2f",
                "joint.pvar:md5,d49c7a6a7f9da0a65e5a8f7bd10d3498"
            ]
        ],
        "meta": {
            "nf-test": "0.9.2",
            "nextflow": "25.04.2"
        },
        "timestamp": "2025-08-27T07:20:48.938114869"
    }
}